<html>
<body>
<pre>
<h1>µVision Build Log</h1>
<h2>Project:</h2>
D:\ARM\Keil Projects\v_02\PRJ.uvproj
Project File Date:  12/13/2011

<h2>Output:</h2>
Build target 'Target 1'
assembling startup_stm32f10x_md_vl.s...
compiling core_cm3.c...
compiling system_stm32f10x.c...
compiling Main.c...
.\User\Include\CB.h(39): warning:  #1-D: last line of file ends without a newline
User\Main.c(117): warning:  #111-D: statement is unreachable
User\Main.c(95): warning:  #177-D: variable "nLength" was declared but never referenced
compiling Periph.c...
.\User\Include\CB.h(39): warning:  #1-D: last line of file ends without a newline
User\Periph.c(29): warning:  #1-D: last line of file ends without a newline
compiling CB.c...
.\User\Include\CB.h(39): warning:  #1-D: last line of file ends without a newline
User\CB.c(76): warning:  #1-D: last line of file ends without a newline
compiling stm32f10x_gpio.c...
compiling stm32f10x_rcc.c...
compiling stm32f10x_usart.c...
compiling misc.c...
linking...
Program Size: Code=5000 RO-data=320 RW-data=40 ZI-data=1672  
FromELF: creating hex file...
".\Output\Firmware.axf" - 0 Error(s), 7 Warning(s).
Build target 'Target 1'
assembling startup_stm32f10x_md_vl.s...
compiling core_cm3.c...
compiling system_stm32f10x.c...
compiling Main.c...
.\User\Include\CB.h(39): warning:  #1-D: last line of file ends without a newline
User\Main.c(117): warning:  #111-D: statement is unreachable
User\Main.c(95): warning:  #177-D: variable "nLength" was declared but never referenced
compiling Periph.c...
.\User\Include\CB.h(39): warning:  #1-D: last line of file ends without a newline
User\Periph.c(29): warning:  #1-D: last line of file ends without a newline
compiling CB.c...
.\User\Include\CB.h(39): warning:  #1-D: last line of file ends without a newline
User\CB.c(76): warning:  #1-D: last line of file ends without a newline
compiling stm32f10x_gpio.c...
compiling stm32f10x_rcc.c...
compiling stm32f10x_usart.c...
compiling misc.c...
linking...
Program Size: Code=5000 RO-data=320 RW-data=40 ZI-data=1672  
FromELF: creating hex file...
".\Output\Firmware.axf" - 0 Error(s), 7 Warning(s).
Build target 'Target 1'
assembling startup_stm32f10x_md_vl.s...
compiling core_cm3.c...
compiling system_stm32f10x.c...
compiling Main.c...
.\User\Include\CB.h(39): warning:  #1-D: last line of file ends without a newline
User\Main.c(117): warning:  #111-D: statement is unreachable
User\Main.c(95): warning:  #177-D: variable "nLength" was declared but never referenced
compiling Periph.c...
.\User\Include\CB.h(39): warning:  #1-D: last line of file ends without a newline
User\Periph.c(29): warning:  #1-D: last line of file ends without a newline
compiling CB.c...
.\User\Include\CB.h(39): warning:  #1-D: last line of file ends without a newline
User\CB.c(76): warning:  #1-D: last line of file ends without a newline
compiling stm32f10x_gpio.c...
compiling stm32f10x_rcc.c...
compiling stm32f10x_usart.c...
compiling misc.c...
linking...
Program Size: Code=5000 RO-data=320 RW-data=40 ZI-data=1672  
FromELF: creating hex file...
".\Output\Firmware.axf" - 0 Error(s), 7 Warning(s).
Build target 'Target 1'
assembling startup_stm32f10x_md_vl.s...
compiling core_cm3.c...
compiling system_stm32f10x.c...
compiling Main.c...
.\User\Include\CB.h(39): warning:  #1-D: last line of file ends without a newline
User\Main.c(117): warning:  #111-D: statement is unreachable
User\Main.c(95): warning:  #177-D: variable "nLength" was declared but never referenced
compiling Periph.c...
.\User\Include\CB.h(39): warning:  #1-D: last line of file ends without a newline
User\Periph.c(29): warning:  #1-D: last line of file ends without a newline
compiling CB.c...
.\User\Include\CB.h(39): warning:  #1-D: last line of file ends without a newline
User\CB.c(76): warning:  #1-D: last line of file ends without a newline
compiling stm32f10x_gpio.c...
compiling stm32f10x_rcc.c...
compiling stm32f10x_usart.c...
compiling misc.c...
linking...
Program Size: Code=5000 RO-data=320 RW-data=40 ZI-data=1672  
FromELF: creating hex file...
".\Output\Firmware.axf" - 0 Error(s), 7 Warning(s).
